../drivers/srs/stm32f407xx_spi_driver.c:35:6:SPI_PeriClockControl	16	static
../drivers/srs/stm32f407xx_spi_driver.c:93:6:SPI_Init	24	static
../drivers/srs/stm32f407xx_spi_driver.c:154:6:SPI_DeInit	16	static
../drivers/srs/stm32f407xx_spi_driver.c:189:9:SPI_GetFlagStatus	16	static
../drivers/srs/stm32f407xx_spi_driver.c:215:6:SPI_SendData	24	static
../drivers/srs/stm32f407xx_spi_driver.c:257:6:SPI_ReceiveData	24	static
../drivers/srs/stm32f407xx_spi_driver.c:299:9:SPI_SendDataInterruptMode	32	static
../drivers/srs/stm32f407xx_spi_driver.c:334:9:SPI_ReceiveDataInterruptMode	32	static
../drivers/srs/stm32f407xx_spi_driver.c:370:6:SPI_IRQInterruptConfig	16	static
../drivers/srs/stm32f407xx_spi_driver.c:424:6:SPI_IRQPriorityConfig	24	static
../drivers/srs/stm32f407xx_spi_driver.c:445:6:SPI_IRQHandling	24	static
../drivers/srs/stm32f407xx_spi_driver.c:496:6:SPI_PeripheralControl	16	static
../drivers/srs/stm32f407xx_spi_driver.c:522:6:SPI_SSIConfig	16	static
../drivers/srs/stm32f407xx_spi_driver.c:547:6:SPI_SSOEConfig	16	static
../drivers/srs/stm32f407xx_spi_driver.c:572:6:SPI_CloseTransmission	16	static
../drivers/srs/stm32f407xx_spi_driver.c:593:6:SPI_CloseReception	16	static
../drivers/srs/stm32f407xx_spi_driver.c:614:6:SPI_ClearOVRFlag	24	static
../drivers/srs/stm32f407xx_spi_driver.c:635:13:SPI_TXE_InterruptHandle	16	static
../drivers/srs/stm32f407xx_spi_driver.c:676:13:SPI_RXNE_InterruptHandle	16	static
../drivers/srs/stm32f407xx_spi_driver.c:718:13:SPI_OVR_ErrInterruptHandle	24	static
